Failure: module.alb.aws_alb.alb \(aws_alb\) does not have bad_something_waf_custom property.