Failure: bypass is multivalued! Please use any/all versions of this step instead.