SKIPPING: Could not find permissions in aws_s3_bucket.bucket.