Failure: the \(\^AzureServices\$\) regex could not found in azurerm_storage_account.example.