Failure: waf_policy property exists in module.alb.aws_alb.alb \(aws_alb\).
Failure: waf_custom property exists in module.alb.aws_alb.alb \(aws_alb\).